// Jest Snapshot v1, https://goo.gl/fbAQLP

exports[`snapshot correctly 1`] = `
Object {
  "Constructor": "Label",
  "Options": Object {
    "ID": "component",
    "containerSelector": "body",
    "text": "Foo",
    "types": Array [],
  },
  "html": "Foo",
}
`;
